cargo :     Checking daily-assistant v0.1.0 (C:\Users\29084\Desktop\鏃ユ姤鍔╂墜\src-tauri)
所在位置 行:1 字符: 1
+ cargo check > C:\Users\29084\Desktop\build_errors.txt 2>&1
+ ~~~~~~~~~~~~~~~~~~~~~~~~~~~~~~~~~~~~~~~~~~~~~~~~~~~~~~~~~~
    + CategoryInfo              : NotSpecifi    ed: (    Checking     da...姤鍔╂墜\src-taur    i):String) [], Rem    oteException
    + FullyQualifiedEr    rorId : NativeComm    andError
 
error[E0425]: cannot find value `feishu_app_id` in this scope
   --> src\lib.rs:448:35
    |
448 |                 if let Some(id) = feishu_app_id { config.feishu_app_id = Some(id); updated = true; println!("Updated Feishu App ID"); }
    |                                   ^^^^^^^^^^^^^ not found in this scope

error[E0425]: cannot find value `feishu_app_secret` in this scope
   --> src\lib.rs:449:39
    |
449 | ...   if let Some(secret) = feishu_app_secret { config.feishu_app_secret = Some(secret); updated = true; println!("Updated Feishu App Sec...
    |                             ^^^^^^^^^^^^^^^^^ not found in this scope

error[E0425]: cannot find value `feishu_target` in this scope
   --> src\lib.rs:450:39
    |
450 | ...   if let Some(target) = feishu_target { config.feishu_target_email = Some(target); updated = true; println!("Updated Feishu Target Em...
    |                             ^^^^^^^^^^^^^ not found in this scope

error[E0425]: cannot find value `schedule` in this scope
   --> src\lib.rs:451:37
    |
451 |                 if let Some(time) = schedule { 
    |                                     ^^^^^^^^ not found in this scope

warning: unused import: `AppHandle`
 --> src\lib.rs:1:29
  |
1 | use tauri::{State, Manager, AppHandle};
  |                             ^^^^^^^^^
  |
  = note: `#[warn(unused_imports)]` (part of `#[warn(unused)]`) on by default

error[E0062]: field `report_template` specified more than once
  --> src\lib.rs:92:13
   |
83 | /             report_template: r#"**銆愷煋?鏃ユ姤 - MM鏈圖D鏃ャ€?*
84 | |
85 | | **鉁?浠婃棩浜у嚭**
86 | | * [浜嬮」1]锛歔缁撴灉/杩涘害]
...  |
90 | | * **闂**锛歔绠€杩版牳蹇冮棶棰榏
91 | |     **瑙ｅ喅**锛歔宸查噰鍙栫殑鎺柦 鎴?涓嬩竴姝ヨ鍒抅"#.to_string(),
   | |________________________________________________________- first use of `report_template`
92 |               report_template: r#"**銆愷煋?鏃ユ姤 - MM鏈圖D鏃ャ€?*
   |               ^^^^^^^^^^^^^^^ used more than once

error[E0027]: pattern does not mention fields `feishu_app_id`, `feishu_app_secret`, `feishu_target`, `schedule`
   --> src\lib.rs:440:13
    |
440 |             Commands::Config { api_key, add_repo, deep_analysis } => {
    |             ^^^^^^^^^^^^^^^^^^^^^^^^^^^^^^^^^^^^^^^^^^^^^^^^^^^^^ missing fields `feishu_app_id`, `feishu_app_secret`, `feishu_target`, `schedule`
    |
help: include the missing fields in the pattern
    |
440 |             Commands::Config { api_key, add_repo, deep_analysis, feishu_app_id, feishu_app_secret, feishu_target, schedule } => {
    |                                                                +++++++++++++++++++++++++++++++++++++++++++++++++++++++++++
help: if you don't care about these missing fields, you can explicitly ignore them
    |
440 |             Commands::Config { api_key, add_repo, deep_analysis, feishu_app_id: _, feishu_app_secret: _, feishu_target: _, schedule: _ } => {
    |                                                                +++++++++++++++++++++++++++++++++++++++++++++++++++++++++++++++++++++++
help: or always ignore missing fields here
    |
440 |             Commands::Config { api_key, add_repo, deep_analysis, .. } => {
    |                                                                ++++

warning: unused variable: `app`
   --> src\lib.rs:634:28
    |
634 | async fn run_scheduled_job(app: tauri::AppHandle, config: AppConfig) -> Result<(), String> {
    |                            ^^^ help: if this is intentional, prefix it with an underscore: `_app`
    |
    = note: `#[warn(unused_variables)]` (part of `#[warn(unused)]`) on by default

Some errors have detailed explanations: E0027, E0062, E0425.
For more information about an error, try `rustc --explain E0027`.
warning: `daily-assistant` (lib) generated 2 warnings
error: could not compile `daily-assistant` (lib) due to 6 previous errors; 2 warnings emitted
